// Jest Snapshot v1, https://goo.gl/fbAQLP

exports[`should pass props into component 1`] = `
<Component
  subscribeTodoChanged={[Function]}
  todos={
    Object {
      "error": undefined,
      "fetchMore": [Function],
      "loading": true,
      "networkStatus": 1,
      "refetch": [Function],
      "startPolling": [Function],
      "stopPolling": [Function],
      "subscribeToMore": [Function],
      "updateQuery": [Function],
      "variables": Object {},
    }
  }
/>
`;
